<?xml version="1.0" encoding="ISO-8859-1" ?>
<link_info>
   <banner>TMS320C2000 Linker PC v22.6.1.LTS</banner>
   <copyright>Copyright (c) 1996-2018 Texas Instruments Incorporated</copyright>
   <link_time>0x68ee2c3a</link_time>
   <link_errors>0x0</link_errors>
   <output_file>F280025_Empty.out</output_file>
   <entry_point>
      <name>_c_int00</name>
      <address>0xaa87</address>
   </entry_point>
   <input_file_list>
      <input_file id="fl-2">
         <path>.\</path>
         <kind>object</kind>
         <file>main.obj</file>
         <name>main.obj</name>
      </input_file>
      <input_file id="fl-3">
         <path>.\App\</path>
         <kind>object</kind>
         <file>scheduler.obj</file>
         <name>scheduler.obj</name>
      </input_file>
      <input_file id="fl-4">
         <path>.\Bsp\</path>
         <kind>object</kind>
         <file>pwm.obj</file>
         <name>pwm.obj</name>
      </input_file>
      <input_file id="fl-5">
         <path>.\Bsp\</path>
         <kind>object</kind>
         <file>tick.obj</file>
         <name>tick.obj</name>
      </input_file>
      <input_file id="fl-6">
         <path>.\C2000ware\c2000ware\</path>
         <kind>object</kind>
         <file>adc.obj</file>
         <name>adc.obj</name>
      </input_file>
      <input_file id="fl-7">
         <path>.\C2000ware\c2000ware\</path>
         <kind>object</kind>
         <file>asysctl.obj</file>
         <name>asysctl.obj</name>
      </input_file>
      <input_file id="fl-8">
         <path>.\C2000ware\c2000ware\</path>
         <kind>object</kind>
         <file>bgcrc.obj</file>
         <name>bgcrc.obj</name>
      </input_file>
      <input_file id="fl-9">
         <path>.\C2000ware\c2000ware\</path>
         <kind>object</kind>
         <file>can.obj</file>
         <name>can.obj</name>
      </input_file>
      <input_file id="fl-a">
         <path>.\C2000ware\c2000ware\</path>
         <kind>object</kind>
         <file>clb.obj</file>
         <name>clb.obj</name>
      </input_file>
      <input_file id="fl-b">
         <path>.\C2000ware\c2000ware\</path>
         <kind>object</kind>
         <file>cmpss.obj</file>
         <name>cmpss.obj</name>
      </input_file>
      <input_file id="fl-c">
         <path>.\C2000ware\c2000ware\</path>
         <kind>object</kind>
         <file>cputimer.obj</file>
         <name>cputimer.obj</name>
      </input_file>
      <input_file id="fl-d">
         <path>.\C2000ware\c2000ware\</path>
         <kind>object</kind>
         <file>dcc.obj</file>
         <name>dcc.obj</name>
      </input_file>
      <input_file id="fl-e">
         <path>.\C2000ware\c2000ware\</path>
         <kind>object</kind>
         <file>dcsm.obj</file>
         <name>dcsm.obj</name>
      </input_file>
      <input_file id="fl-f">
         <path>.\C2000ware\c2000ware\</path>
         <kind>object</kind>
         <file>dma.obj</file>
         <name>dma.obj</name>
      </input_file>
      <input_file id="fl-10">
         <path>.\C2000ware\c2000ware\</path>
         <kind>object</kind>
         <file>ecap.obj</file>
         <name>ecap.obj</name>
      </input_file>
      <input_file id="fl-11">
         <path>.\C2000ware\c2000ware\</path>
         <kind>object</kind>
         <file>epwm.obj</file>
         <name>epwm.obj</name>
      </input_file>
      <input_file id="fl-12">
         <path>.\C2000ware\c2000ware\</path>
         <kind>object</kind>
         <file>eqep.obj</file>
         <name>eqep.obj</name>
      </input_file>
      <input_file id="fl-13">
         <path>.\C2000ware\c2000ware\</path>
         <kind>object</kind>
         <file>erad.obj</file>
         <name>erad.obj</name>
      </input_file>
      <input_file id="fl-14">
         <path>.\C2000ware\c2000ware\</path>
         <kind>object</kind>
         <file>flash.obj</file>
         <name>flash.obj</name>
      </input_file>
      <input_file id="fl-15">
         <path>.\C2000ware\c2000ware\</path>
         <kind>object</kind>
         <file>fsi.obj</file>
         <name>fsi.obj</name>
      </input_file>
      <input_file id="fl-16">
         <path>.\C2000ware\c2000ware\</path>
         <kind>object</kind>
         <file>gpio.obj</file>
         <name>gpio.obj</name>
      </input_file>
      <input_file id="fl-17">
         <path>.\C2000ware\c2000ware\</path>
         <kind>object</kind>
         <file>hic.obj</file>
         <name>hic.obj</name>
      </input_file>
      <input_file id="fl-18">
         <path>.\C2000ware\c2000ware\</path>
         <kind>object</kind>
         <file>hrcap.obj</file>
         <name>hrcap.obj</name>
      </input_file>
      <input_file id="fl-19">
         <path>.\C2000ware\c2000ware\</path>
         <kind>object</kind>
         <file>hrpwm.obj</file>
         <name>hrpwm.obj</name>
      </input_file>
      <input_file id="fl-1a">
         <path>.\C2000ware\c2000ware\</path>
         <kind>object</kind>
         <file>i2c.obj</file>
         <name>i2c.obj</name>
      </input_file>
      <input_file id="fl-1b">
         <path>.\C2000ware\c2000ware\</path>
         <kind>object</kind>
         <file>interrupt.obj</file>
         <name>interrupt.obj</name>
      </input_file>
      <input_file id="fl-1c">
         <path>.\C2000ware\c2000ware\</path>
         <kind>object</kind>
         <file>lin.obj</file>
         <name>lin.obj</name>
      </input_file>
      <input_file id="fl-1d">
         <path>.\C2000ware\c2000ware\</path>
         <kind>object</kind>
         <file>memcfg.obj</file>
         <name>memcfg.obj</name>
      </input_file>
      <input_file id="fl-1e">
         <path>.\C2000ware\c2000ware\</path>
         <kind>object</kind>
         <file>pmbus.obj</file>
         <name>pmbus.obj</name>
      </input_file>
      <input_file id="fl-1f">
         <path>.\C2000ware\c2000ware\</path>
         <kind>object</kind>
         <file>sci.obj</file>
         <name>sci.obj</name>
      </input_file>
      <input_file id="fl-20">
         <path>.\C2000ware\c2000ware\</path>
         <kind>object</kind>
         <file>spi.obj</file>
         <name>spi.obj</name>
      </input_file>
      <input_file id="fl-21">
         <path>.\C2000ware\c2000ware\</path>
         <kind>object</kind>
         <file>sysctl.obj</file>
         <name>sysctl.obj</name>
      </input_file>
      <input_file id="fl-22">
         <path>.\C2000ware\c2000ware\</path>
         <kind>object</kind>
         <file>version.obj</file>
         <name>version.obj</name>
      </input_file>
      <input_file id="fl-23">
         <path>.\C2000ware\c2000ware\</path>
         <kind>object</kind>
         <file>xbar.obj</file>
         <name>xbar.obj</name>
      </input_file>
      <input_file id="fl-24">
         <path>.\C2000ware\device\</path>
         <kind>object</kind>
         <file>board.obj</file>
         <name>board.obj</name>
      </input_file>
      <input_file id="fl-25">
         <path>.\C2000ware\device\</path>
         <kind>object</kind>
         <file>device.obj</file>
         <name>device.obj</name>
      </input_file>
      <input_file id="fl-26">
         <path>.\C2000ware\device\</path>
         <kind>object</kind>
         <file>f28002x_codestartbranch.obj</file>
         <name>f28002x_codestartbranch.obj</name>
      </input_file>
      <input_file id="fl-27">
         <path>.\C2000ware\headers\source\</path>
         <kind>object</kind>
         <file>f28002x_globalvariabledefs.obj</file>
         <name>f28002x_globalvariabledefs.obj</name>
      </input_file>
      <input_file id="fl-2b">
         <kind>object</kind>
         <file>&lt;internal&gt;</file>
         <name>&lt;internal&gt;</name>
      </input_file>
      <input_file id="fl-38">
         <path>D:\ti\ccs1271\ccs\tools\compiler\ti-cgt-c2000_22.6.1.LTS\lib\</path>
         <kind>archive</kind>
         <file>rts2800_fpu32_eabi.lib</file>
         <name>boot28.asm.obj</name>
      </input_file>
      <input_file id="fl-39">
         <path>D:\ti\ccs1271\ccs\tools\compiler\ti-cgt-c2000_22.6.1.LTS\lib\</path>
         <kind>archive</kind>
         <file>rts2800_fpu32_eabi.lib</file>
         <name>fs_div28.asm.obj</name>
      </input_file>
      <input_file id="fl-3a">
         <path>D:\ti\ccs1271\ccs\tools\compiler\ti-cgt-c2000_22.6.1.LTS\lib\</path>
         <kind>archive</kind>
         <file>rts2800_fpu32_eabi.lib</file>
         <name>pre_init.c.obj</name>
      </input_file>
      <input_file id="fl-3b">
         <path>D:\ti\ccs1271\ccs\tools\compiler\ti-cgt-c2000_22.6.1.LTS\lib\</path>
         <kind>archive</kind>
         <file>rts2800_fpu32_eabi.lib</file>
         <name>autoinit.c.obj</name>
      </input_file>
      <input_file id="fl-3c">
         <path>D:\ti\ccs1271\ccs\tools\compiler\ti-cgt-c2000_22.6.1.LTS\lib\</path>
         <kind>archive</kind>
         <file>rts2800_fpu32_eabi.lib</file>
         <name>copy_zero_init.c.obj</name>
      </input_file>
      <input_file id="fl-3d">
         <path>D:\ti\ccs1271\ccs\tools\compiler\ti-cgt-c2000_22.6.1.LTS\lib\</path>
         <kind>archive</kind>
         <file>rts2800_fpu32_eabi.lib</file>
         <name>copy_decompress_none.c.obj</name>
      </input_file>
      <input_file id="fl-3e">
         <path>D:\ti\ccs1271\ccs\tools\compiler\ti-cgt-c2000_22.6.1.LTS\lib\</path>
         <kind>archive</kind>
         <file>rts2800_fpu32_eabi.lib</file>
         <name>copy_decompress_lzss.c.obj</name>
      </input_file>
      <input_file id="fl-3f">
         <path>D:\ti\ccs1271\ccs\tools\compiler\ti-cgt-c2000_22.6.1.LTS\lib\</path>
         <kind>archive</kind>
         <file>rts2800_fpu32_eabi.lib</file>
         <name>exit.c.obj</name>
      </input_file>
      <input_file id="fl-40">
         <path>D:\ti\ccs1271\ccs\tools\compiler\ti-cgt-c2000_22.6.1.LTS\lib\</path>
         <kind>archive</kind>
         <file>rts2800_fpu32_eabi.lib</file>
         <name>_lock.c.obj</name>
      </input_file>
      <input_file id="fl-41">
         <path>D:\ti\ccs1271\ccs\tools\compiler\ti-cgt-c2000_22.6.1.LTS\lib\</path>
         <kind>archive</kind>
         <file>rts2800_fpu32_eabi.lib</file>
         <name>args_main.c.obj</name>
      </input_file>
      <input_file id="fl-42">
         <path>D:\ti\ccs1271\ccs\tools\compiler\ti-cgt-c2000_22.6.1.LTS\lib\</path>
         <kind>archive</kind>
         <file>rts2800_fpu32_eabi.lib</file>
         <name>memset.c.obj</name>
      </input_file>
      <input_file id="fl-43">
         <path>D:\ti\ccs1271\ccs\tools\compiler\ti-cgt-c2000_22.6.1.LTS\lib\</path>
         <kind>archive</kind>
         <file>rts2800_fpu32_eabi.lib</file>
         <name>cpy_tbl.c.obj</name>
      </input_file>
      <input_file id="fl-44">
         <path>D:\ti\ccs1271\ccs\tools\compiler\ti-cgt-c2000_22.6.1.LTS\lib\</path>
         <kind>archive</kind>
         <file>rts2800_fpu32_eabi.lib</file>
         <name>memcpy.c.obj</name>
      </input_file>
      <input_file id="fl-45">
         <path>D:\ti\ccs1271\ccs\tools\compiler\ti-cgt-c2000_22.6.1.LTS\lib\</path>
         <kind>archive</kind>
         <file>rts2800_fpu32_eabi.lib</file>
         <name>startup.c.obj</name>
      </input_file>
   </input_file_list>
   <object_component_list>
      <object_component id="oc-1e9">
         <name>.text:EPWM_init</name>
         <load_address>0xa003</load_address>
         <run_address>0xa003</run_address>
         <size>0x105</size>
         <input_file_ref idref="fl-24"/>
      </object_component>
      <object_component id="oc-1b0">
         <name>.text:SysCtl_setClock</name>
         <load_address>0xa108</load_address>
         <run_address>0xa108</run_address>
         <size>0xfc</size>
         <input_file_ref idref="fl-21"/>
      </object_component>
      <object_component id="oc-23a">
         <name>.text:SysCtl_isPLLValid</name>
         <load_address>0xa204</load_address>
         <run_address>0xa204</run_address>
         <size>0xf2</size>
         <input_file_ref idref="fl-21"/>
      </object_component>
      <object_component id="oc-1c2">
         <name>.text:Device_enableAllPeripherals</name>
         <load_address>0xa2f6</load_address>
         <run_address>0xa2f6</run_address>
         <size>0x9a</size>
         <input_file_ref idref="fl-25"/>
      </object_component>
      <object_component id="oc-360">
         <name>.text</name>
         <load_address>0xa390</load_address>
         <run_address>0xa390</run_address>
         <size>0x88</size>
         <input_file_ref idref="fl-39"/>
      </object_component>
      <object_component id="oc-25c">
         <name>.text:GPIO_setQualificationMode</name>
         <load_address>0xa418</load_address>
         <run_address>0xa418</run_address>
         <size>0x6c</size>
         <input_file_ref idref="fl-16"/>
      </object_component>
      <object_component id="oc-301">
         <name>.text:EPWM_setADCTriggerSource</name>
         <load_address>0xa484</load_address>
         <run_address>0xa484</run_address>
         <size>0x6b</size>
         <input_file_ref idref="fl-24"/>
      </object_component>
      <object_component id="oc-256">
         <name>.text:GPIO_setPadConfig</name>
         <load_address>0xa4ef</load_address>
         <run_address>0xa4ef</run_address>
         <size>0x66</size>
         <input_file_ref idref="fl-16"/>
      </object_component>
      <object_component id="oc-234">
         <name>.text:SysCtl_setPLLSysClk</name>
         <load_address>0xa555</load_address>
         <run_address>0xa555</run_address>
         <size>0x4e</size>
         <input_file_ref idref="fl-21"/>
      </object_component>
      <object_component id="oc-352">
         <name>.text:SysCtl_selectXTAL</name>
         <load_address>0xa5a3</load_address>
         <run_address>0xa5a3</run_address>
         <size>0x46</size>
         <input_file_ref idref="fl-21"/>
      </object_component>
      <object_component id="oc-3f5">
         <name>.text:GPIO_setDirectionMode</name>
         <load_address>0xa5e9</load_address>
         <run_address>0xa5e9</run_address>
         <size>0x45</size>
         <input_file_ref idref="fl-16"/>
      </object_component>
      <object_component id="oc-41f">
         <name>.text:SysCtl_pollX1Counter</name>
         <load_address>0xa62e</load_address>
         <run_address>0xa62e</run_address>
         <size>0x45</size>
         <input_file_ref idref="fl-21"/>
      </object_component>
      <object_component id="oc-163">
         <name>.text:Interrupt_initModule</name>
         <load_address>0xa673</load_address>
         <run_address>0xa673</run_address>
         <size>0x3d</size>
         <input_file_ref idref="fl-1b"/>
      </object_component>
      <object_component id="oc-250">
         <name>.text:GPIO_setPinConfig</name>
         <load_address>0xa6b0</load_address>
         <run_address>0xa6b0</run_address>
         <size>0x37</size>
         <input_file_ref idref="fl-16"/>
      </object_component>
      <object_component id="oc-2b9">
         <name>.text:EPWM_setActionQualifierAction</name>
         <load_address>0xa6e7</load_address>
         <run_address>0xa6e7</run_address>
         <size>0x36</size>
         <input_file_ref idref="fl-24"/>
      </object_component>
      <object_component id="oc-2a7">
         <name>.text:EPWM_setCounterCompareShadowLoadMode</name>
         <load_address>0xa71d</load_address>
         <run_address>0xa71d</run_address>
         <size>0x34</size>
         <input_file_ref idref="fl-24"/>
      </object_component>
      <object_component id="oc-175">
         <name>.text:Scheduler_Setup</name>
         <load_address>0xa751</load_address>
         <run_address>0xa751</run_address>
         <size>0x34</size>
         <input_file_ref idref="fl-3"/>
      </object_component>
      <object_component id="oc-418">
         <name>.text:GPIO_togglePin</name>
         <load_address>0xa785</load_address>
         <run_address>0xa785</run_address>
         <size>0x31</size>
         <input_file_ref idref="fl-3"/>
      </object_component>
      <object_component id="oc-2b3">
         <name>.text:EPWM_setActionQualifierShadowLoadMode</name>
         <load_address>0xa7b6</load_address>
         <run_address>0xa7b6</run_address>
         <size>0x30</size>
         <input_file_ref idref="fl-24"/>
      </object_component>
      <object_component id="oc-22e">
         <name>.text:SysCtl_selectOscSource</name>
         <load_address>0xa7e6</load_address>
         <run_address>0xa7e6</run_address>
         <size>0x30</size>
         <input_file_ref idref="fl-21"/>
      </object_component>
      <object_component id="oc-81">
         <name>.text:decompress:lzss</name>
         <load_address>0xa816</load_address>
         <run_address>0xa816</run_address>
         <size>0x30</size>
         <input_file_ref idref="fl-3e"/>
      </object_component>
      <object_component id="oc-395">
         <name>.text:DCC_setCounterSeeds</name>
         <load_address>0xa846</load_address>
         <run_address>0xa846</run_address>
         <size>0x2f</size>
         <input_file_ref idref="fl-21"/>
      </object_component>
      <object_component id="oc-187">
         <name>.text:Scheduler_Run</name>
         <load_address>0xa875</load_address>
         <run_address>0xa875</run_address>
         <size>0x2e</size>
         <input_file_ref idref="fl-3"/>
      </object_component>
      <object_component id="oc-f9">
         <name>.text:__TI_auto_init_nobinit_nopinit</name>
         <load_address>0xa8a3</load_address>
         <run_address>0xa8a3</run_address>
         <size>0x2b</size>
         <input_file_ref idref="fl-3b"/>
      </object_component>
      <object_component id="oc-d4">
         <name>.text</name>
         <load_address>0xa8ce</load_address>
         <run_address>0xa8ce</run_address>
         <size>0x29</size>
         <input_file_ref idref="fl-3f"/>
      </object_component>
      <object_component id="oc-1d7">
         <name>.text:PinMux_init</name>
         <load_address>0xa8f7</load_address>
         <run_address>0xa8f7</run_address>
         <size>0x28</size>
         <input_file_ref idref="fl-24"/>
      </object_component>
      <object_component id="oc-270">
         <name>.text:CpuTimer0_init</name>
         <load_address>0xa91f</load_address>
         <run_address>0xa91f</run_address>
         <size>0x25</size>
         <input_file_ref idref="fl-24"/>
      </object_component>
      <object_component id="oc-358">
         <name>.text:SysCtl_selectXTALSingleEnded</name>
         <load_address>0xa944</load_address>
         <run_address>0xa944</run_address>
         <size>0x25</size>
         <input_file_ref idref="fl-21"/>
      </object_component>
      <object_component id="oc-2c5">
         <name>.text:EPWM_setDeadBandDelayMode</name>
         <load_address>0xa969</load_address>
         <run_address>0xa969</run_address>
         <size>0x22</size>
         <input_file_ref idref="fl-24"/>
      </object_component>
      <object_component id="oc-94">
         <name>.text:Interrupt_initVectorTable</name>
         <load_address>0xa98b</load_address>
         <run_address>0xa98b</run_address>
         <size>0x1e</size>
         <input_file_ref idref="fl-1b"/>
      </object_component>
      <object_component id="oc-b3">
         <name>.text</name>
         <load_address>0xa9a9</load_address>
         <run_address>0xa9a9</run_address>
         <size>0x1d</size>
         <input_file_ref idref="fl-44"/>
      </object_component>
      <object_component id="oc-39b">
         <name>.text:DCC_enableSingleShotMode</name>
         <load_address>0xa9c6</load_address>
         <run_address>0xa9c6</run_address>
         <size>0x1a</size>
         <input_file_ref idref="fl-21"/>
      </object_component>
      <object_component id="oc-2bf">
         <name>.text:EPWM_setDeadBandDelayPolarity</name>
         <load_address>0xa9e0</load_address>
         <run_address>0xa9e0</run_address>
         <size>0x1a</size>
         <input_file_ref idref="fl-24"/>
      </object_component>
      <object_component id="oc-2a1">
         <name>.text:EPWM_setCounterCompareValue</name>
         <load_address>0xa9fa</load_address>
         <run_address>0xa9fa</run_address>
         <size>0x18</size>
         <input_file_ref idref="fl-24"/>
      </object_component>
      <object_component id="oc-44f">
         <name>.text:EPWM_setCounterCompareValue</name>
         <load_address>0xaa12</load_address>
         <run_address>0xaa12</run_address>
         <size>0x18</size>
         <input_file_ref idref="fl-4"/>
      </object_component>
      <object_component id="oc-2ef">
         <name>.text:EPWM_setTripZoneAction</name>
         <load_address>0xaa2a</load_address>
         <run_address>0xaa2a</run_address>
         <size>0x18</size>
         <input_file_ref idref="fl-24"/>
      </object_component>
      <object_component id="oc-244">
         <name>.text:SysCtl_enablePeripheral</name>
         <load_address>0xaa42</load_address>
         <run_address>0xaa42</run_address>
         <size>0x17</size>
         <input_file_ref idref="fl-25"/>
      </object_component>
      <object_component id="oc-16f">
         <name>.text:SysCtl_enablePeripheral</name>
         <load_address>0xaa59</load_address>
         <run_address>0xaa59</run_address>
         <size>0x17</size>
         <input_file_ref idref="fl-2"/>
      </object_component>
      <object_component id="oc-365">
         <name>.text:SysCtl_enablePeripheral</name>
         <load_address>0xaa70</load_address>
         <run_address>0xaa70</run_address>
         <size>0x17</size>
         <input_file_ref idref="fl-21"/>
      </object_component>
      <object_component id="oc-8e">
         <name>.text</name>
         <load_address>0xaa87</load_address>
         <run_address>0xaa87</run_address>
         <size>0x17</size>
         <input_file_ref idref="fl-38"/>
      </object_component>
      <object_component id="oc-93">
         <name>.text:Interrupt_defaultHandler</name>
         <load_address>0xaa9e</load_address>
         <run_address>0xaa9e</run_address>
         <size>0x16</size>
         <input_file_ref idref="fl-1b"/>
      </object_component>
      <object_component id="oc-1fe">
         <name>.text:CPUTimer_getTimerOverflowStatus</name>
         <load_address>0xaab4</load_address>
         <run_address>0xaab4</run_address>
         <size>0x15</size>
         <input_file_ref idref="fl-5"/>
      </object_component>
      <object_component id="oc-2dd">
         <name>.text:EPWM_setFallingEdgeDelayCountShadowLoadMode</name>
         <load_address>0xaac9</load_address>
         <run_address>0xaac9</run_address>
         <size>0x15</size>
         <input_file_ref idref="fl-24"/>
      </object_component>
      <object_component id="oc-2cb">
         <name>.text:EPWM_setRisingEdgeDelayCountShadowLoadMode</name>
         <load_address>0xaade</load_address>
         <run_address>0xaade</run_address>
         <size>0x15</size>
         <input_file_ref idref="fl-24"/>
      </object_component>
      <object_component id="oc-129">
         <name>.text:main</name>
         <load_address>0xaaf3</load_address>
         <run_address>0xaaf3</run_address>
         <size>0x15</size>
         <input_file_ref idref="fl-2"/>
      </object_component>
      <object_component id="oc-389">
         <name>.text:DCC_setCounter0ClkSource</name>
         <load_address>0xab08</load_address>
         <run_address>0xab08</run_address>
         <size>0x14</size>
         <input_file_ref idref="fl-21"/>
      </object_component>
      <object_component id="oc-38f">
         <name>.text:DCC_setCounter1ClkSource</name>
         <load_address>0xab1c</load_address>
         <run_address>0xab1c</run_address>
         <size>0x14</size>
         <input_file_ref idref="fl-21"/>
      </object_component>
      <object_component id="oc-29b">
         <name>.text:EPWM_setPhaseShift</name>
         <load_address>0xab30</load_address>
         <run_address>0xab30</run_address>
         <size>0x14</size>
         <input_file_ref idref="fl-24"/>
      </object_component>
      <object_component id="oc-1bc">
         <name>.text:SysCtl_deviceCal</name>
         <load_address>0xab44</load_address>
         <run_address>0xab44</run_address>
         <size>0x14</size>
         <input_file_ref idref="fl-25"/>
      </object_component>
      <object_component id="oc-15d">
         <name>.text:Device_init</name>
         <load_address>0xab58</load_address>
         <run_address>0xab58</run_address>
         <size>0x12</size>
         <input_file_ref idref="fl-25"/>
      </object_component>
      <object_component id="oc-2fb">
         <name>.text:EPWM_enableADCTrigger</name>
         <load_address>0xab6a</load_address>
         <run_address>0xab6a</run_address>
         <size>0x12</size>
         <input_file_ref idref="fl-24"/>
      </object_component>
      <object_component id="oc-277">
         <name>.text:EPWM_setClockPrescaler</name>
         <load_address>0xab7c</load_address>
         <run_address>0xab7c</run_address>
         <size>0x12</size>
         <input_file_ref idref="fl-24"/>
      </object_component>
      <object_component id="oc-263">
         <name>.text:SysCtl_setSyncOutputConfig</name>
         <load_address>0xab8e</load_address>
         <run_address>0xab8e</run_address>
         <size>0x12</size>
         <input_file_ref idref="fl-24"/>
      </object_component>
      <object_component id="oc-3d6">
         <name>.text:CPUTimer_startTimer</name>
         <load_address>0xaba0</load_address>
         <run_address>0xaba0</run_address>
         <size>0x10</size>
         <input_file_ref idref="fl-24"/>
      </object_component>
      <object_component id="oc-2ad">
         <name>.text:EPWM_disableActionQualifierShadowLoadMode</name>
         <load_address>0xabb0</load_address>
         <run_address>0xabb0</run_address>
         <size>0x10</size>
         <input_file_ref idref="fl-24"/>
      </object_component>
      <object_component id="oc-308">
         <name>.text:LED1_GPIO_init</name>
         <load_address>0xabc0</load_address>
         <run_address>0xabc0</run_address>
         <size>0x10</size>
         <input_file_ref idref="fl-24"/>
      </object_component>
      <object_component id="oc-30e">
         <name>.text:LED2_GPIO_init</name>
         <load_address>0xabd0</load_address>
         <run_address>0xabd0</run_address>
         <size>0x10</size>
         <input_file_ref idref="fl-24"/>
      </object_component>
      <object_component id="oc-181">
         <name>.text:tick_Update</name>
         <load_address>0xabe0</load_address>
         <run_address>0xabe0</run_address>
         <size>0x10</size>
         <input_file_ref idref="fl-5"/>
      </object_component>
      <object_component id="oc-28f">
         <name>.text:EPWM_setCountModeAfterSync</name>
         <load_address>0xabf0</load_address>
         <run_address>0xabf0</run_address>
         <size>0xf</size>
         <input_file_ref idref="fl-24"/>
      </object_component>
      <object_component id="oc-2e3">
         <name>.text:EPWM_disableFallingEdgeDelayCountShadowLoadMode</name>
         <load_address>0xabff</load_address>
         <run_address>0xabff</run_address>
         <size>0xe</size>
         <input_file_ref idref="fl-24"/>
      </object_component>
      <object_component id="oc-2d1">
         <name>.text:EPWM_disableRisingEdgeDelayCountShadowLoadMode</name>
         <load_address>0xac0d</load_address>
         <run_address>0xac0d</run_address>
         <size>0xe</size>
         <input_file_ref idref="fl-24"/>
      </object_component>
      <object_component id="oc-318">
         <name>.text:Loop_1000Hz</name>
         <load_address>0xac1b</load_address>
         <run_address>0xac1b</run_address>
         <size>0xe</size>
         <input_file_ref idref="fl-3"/>
      </object_component>
      <object_component id="oc-169">
         <name>.text:Board_init</name>
         <load_address>0xac29</load_address>
         <run_address>0xac29</run_address>
         <size>0xd</size>
         <input_file_ref idref="fl-24"/>
      </object_component>
      <object_component id="oc-3b8">
         <name>.text:CPUTimer_setPreScaler</name>
         <load_address>0xac36</load_address>
         <run_address>0xac36</run_address>
         <size>0xd</size>
         <input_file_ref idref="fl-24"/>
      </object_component>
      <object_component id="oc-1d0">
         <name>.text:Interrupt_disableGlobal</name>
         <load_address>0xac43</load_address>
         <run_address>0xac43</run_address>
         <size>0xd</size>
         <input_file_ref idref="fl-1b"/>
      </object_component>
      <object_component id="oc-17b">
         <name>.text:Interrupt_enableGlobal</name>
         <load_address>0xac50</load_address>
         <run_address>0xac50</run_address>
         <size>0xd</size>
         <input_file_ref idref="fl-2"/>
      </object_component>
      <object_component id="oc-1b6">
         <name>.text:SysCtl_setLowSpeedClock</name>
         <load_address>0xac5d</load_address>
         <run_address>0xac5d</run_address>
         <size>0xd</size>
         <input_file_ref idref="fl-25"/>
      </object_component>
      <object_component id="oc-bb">
         <name>.text:decompress:ZI:__TI_zero_init_nomemset</name>
         <load_address>0xac6a</load_address>
         <run_address>0xac6a</run_address>
         <size>0xd</size>
         <input_file_ref idref="fl-3c"/>
      </object_component>
      <object_component id="oc-383">
         <name>.text:DCC_disableDoneSignal</name>
         <load_address>0xac77</load_address>
         <run_address>0xac77</run_address>
         <size>0xc</size>
         <input_file_ref idref="fl-21"/>
      </object_component>
      <object_component id="oc-456">
         <name>.text:EPWM_clearTripZoneFlag</name>
         <load_address>0xac83</load_address>
         <run_address>0xac83</run_address>
         <size>0xc</size>
         <input_file_ref idref="fl-4"/>
      </object_component>
      <object_component id="oc-2f5">
         <name>.text:EPWM_enableTripZoneSignals</name>
         <load_address>0xac8f</load_address>
         <run_address>0xac8f</run_address>
         <size>0xc</size>
         <input_file_ref idref="fl-24"/>
      </object_component>
      <object_component id="oc-447">
         <name>.text:EPWM_forceTripZoneEvent</name>
         <load_address>0xac9b</load_address>
         <run_address>0xac9b</run_address>
         <size>0xc</size>
         <input_file_ref idref="fl-4"/>
      </object_component>
      <object_component id="oc-269">
         <name>.text:SysCtl_enableExtADCSOCSource</name>
         <load_address>0xaca7</load_address>
         <run_address>0xaca7</run_address>
         <size>0xc</size>
         <input_file_ref idref="fl-24"/>
      </object_component>
      <object_component id="oc-ce">
         <name>.text</name>
         <load_address>0xacb3</load_address>
         <run_address>0xacb3</run_address>
         <size>0xc</size>
         <input_file_ref idref="fl-41"/>
      </object_component>
      <object_component id="oc-3d0">
         <name>.text:CPUTimer_reloadTimerCounter</name>
         <load_address>0xacbf</load_address>
         <run_address>0xacbf</run_address>
         <size>0xb</size>
         <input_file_ref idref="fl-24"/>
      </object_component>
      <object_component id="oc-3ca">
         <name>.text:CPUTimer_stopTimer</name>
         <load_address>0xacca</load_address>
         <run_address>0xacca</run_address>
         <size>0xb</size>
         <input_file_ref idref="fl-24"/>
      </object_component>
      <object_component id="oc-371">
         <name>.text:DCC_clearDoneFlag</name>
         <load_address>0xacd5</load_address>
         <run_address>0xacd5</run_address>
         <size>0xb</size>
         <input_file_ref idref="fl-21"/>
      </object_component>
      <object_component id="oc-36b">
         <name>.text:DCC_clearErrorFlag</name>
         <load_address>0xace0</load_address>
         <run_address>0xace0</run_address>
         <size>0xb</size>
         <input_file_ref idref="fl-21"/>
      </object_component>
      <object_component id="oc-37d">
         <name>.text:DCC_disableErrorSignal</name>
         <load_address>0xaceb</load_address>
         <run_address>0xaceb</run_address>
         <size>0xb</size>
         <input_file_ref idref="fl-21"/>
      </object_component>
      <object_component id="oc-377">
         <name>.text:DCC_disableModule</name>
         <load_address>0xacf6</load_address>
         <run_address>0xacf6</run_address>
         <size>0xb</size>
         <input_file_ref idref="fl-21"/>
      </object_component>
      <object_component id="oc-3a1">
         <name>.text:DCC_enableModule</name>
         <load_address>0xad01</load_address>
         <run_address>0xad01</run_address>
         <size>0xb</size>
         <input_file_ref idref="fl-21"/>
      </object_component>
      <object_component id="oc-1aa">
         <name>.text:SysCtl_disableWatchdog</name>
         <load_address>0xad0c</load_address>
         <run_address>0xad0c</run_address>
         <size>0xb</size>
         <input_file_ref idref="fl-25"/>
      </object_component>
      <object_component id="oc-227">
         <name>.text:SysCtl_isMCDClockFailureDetected</name>
         <load_address>0xad17</load_address>
         <run_address>0xad17</run_address>
         <size>0xb</size>
         <input_file_ref idref="fl-21"/>
      </object_component>
      <object_component id="oc-40c">
         <name>.text:pwm_allon</name>
         <load_address>0xad22</load_address>
         <run_address>0xad22</run_address>
         <size>0xb</size>
         <input_file_ref idref="fl-4"/>
      </object_component>
      <object_component id="oc-3b2">
         <name>.text:CPUTimer_setEmulationMode</name>
         <load_address>0xad2d</load_address>
         <run_address>0xad2d</run_address>
         <size>0xa</size>
         <input_file_ref idref="fl-c"/>
      </object_component>
      <object_component id="oc-2e9">
         <name>.text:EPWM_setFallingEdgeDelayCount</name>
         <load_address>0xad37</load_address>
         <run_address>0xad37</run_address>
         <size>0xa</size>
         <input_file_ref idref="fl-24"/>
      </object_component>
      <object_component id="oc-2d7">
         <name>.text:EPWM_setRisingEdgeDelayCount</name>
         <load_address>0xad41</load_address>
         <run_address>0xad41</run_address>
         <size>0xa</size>
         <input_file_ref idref="fl-24"/>
      </object_component>
      <object_component id="oc-289">
         <name>.text:EPWM_setTimeBaseCounterMode</name>
         <load_address>0xad4b</load_address>
         <run_address>0xad4b</run_address>
         <size>0xa</size>
         <input_file_ref idref="fl-24"/>
      </object_component>
      <object_component id="oc-27d">
         <name>.text:EPWM_setTimeBasePeriod</name>
         <load_address>0xad55</load_address>
         <run_address>0xad55</run_address>
         <size>0xa</size>
         <input_file_ref idref="fl-24"/>
      </object_component>
      <object_component id="oc-9f">
         <name>.text:Interrupt_illegalOperationHandler</name>
         <load_address>0xad5f</load_address>
         <run_address>0xad5f</run_address>
         <size>0xa</size>
         <input_file_ref idref="fl-1b"/>
      </object_component>
      <object_component id="oc-a5">
         <name>.text:Interrupt_nmiHandler</name>
         <load_address>0xad69</load_address>
         <run_address>0xad69</run_address>
         <size>0xa</size>
         <input_file_ref idref="fl-1b"/>
      </object_component>
      <object_component id="oc-1dd">
         <name>.text:SYNC_init</name>
         <load_address>0xad73</load_address>
         <run_address>0xad73</run_address>
         <size>0xa</size>
         <input_file_ref idref="fl-24"/>
      </object_component>
      <object_component id="oc-406">
         <name>.text:pwm_setduty_a</name>
         <load_address>0xad7d</load_address>
         <run_address>0xad7d</run_address>
         <size>0xa</size>
         <input_file_ref idref="fl-4"/>
      </object_component>
      <object_component id="oc-204">
         <name>.text:CPUTimer_clearOverflowFlag</name>
         <load_address>0xad87</load_address>
         <run_address>0xad87</run_address>
         <size>0x9</size>
         <input_file_ref idref="fl-5"/>
      </object_component>
      <object_component id="oc-3c4">
         <name>.text:CPUTimer_disableInterrupt</name>
         <load_address>0xad90</load_address>
         <run_address>0xad90</run_address>
         <size>0x9</size>
         <input_file_ref idref="fl-24"/>
      </object_component>
      <object_component id="oc-194">
         <name>.text</name>
         <load_address>0xad99</load_address>
         <run_address>0xad99</run_address>
         <size>0x9</size>
         <input_file_ref idref="fl-40"/>
      </object_component>
      <object_component id="oc-283">
         <name>.text:EPWM_setTimeBaseCounter</name>
         <load_address>0xada2</load_address>
         <run_address>0xada2</run_address>
         <size>0x8</size>
         <input_file_ref idref="fl-24"/>
      </object_component>
      <object_component id="oc-87">
         <name>.text:decompress:none</name>
         <load_address>0xadaa</load_address>
         <run_address>0xadaa</run_address>
         <size>0x8</size>
         <input_file_ref idref="fl-3d"/>
      </object_component>
      <object_component id="oc-e0">
         <name>.text</name>
         <load_address>0xadb2</load_address>
         <run_address>0xadb2</run_address>
         <size>0x8</size>
         <input_file_ref idref="fl-26"/>
      </object_component>
      <object_component id="oc-1c8">
         <name>.text:ASysCtl_lockVREG</name>
         <load_address>0xadba</load_address>
         <run_address>0xadba</run_address>
         <size>0x7</size>
         <input_file_ref idref="fl-25"/>
      </object_component>
      <object_component id="oc-3be">
         <name>.text:CPUTimer_setPeriod</name>
         <load_address>0xadc1</load_address>
         <run_address>0xadc1</run_address>
         <size>0x7</size>
         <input_file_ref idref="fl-24"/>
      </object_component>
      <object_component id="oc-295">
         <name>.text:EPWM_disablePhaseShiftLoad</name>
         <load_address>0xadc8</load_address>
         <run_address>0xadc8</run_address>
         <size>0x7</size>
         <input_file_ref idref="fl-24"/>
      </object_component>
      <object_component id="oc-33c">
         <name>.text:Loop_2Hz</name>
         <load_address>0xadcf</load_address>
         <run_address>0xadcf</run_address>
         <size>0x7</size>
         <input_file_ref idref="fl-3"/>
      </object_component>
      <object_component id="oc-425">
         <name>.text:SysCtl_resetMCD</name>
         <load_address>0xadd6</load_address>
         <run_address>0xadd6</run_address>
         <size>0x7</size>
         <input_file_ref idref="fl-21"/>
      </object_component>
      <object_component id="oc-400">
         <name>.text:pwm_alloff</name>
         <load_address>0xaddd</load_address>
         <run_address>0xaddd</run_address>
         <size>0x6</size>
         <input_file_ref idref="fl-4"/>
      </object_component>
      <object_component id="oc-1ef">
         <name>.text:GPIO_init</name>
         <load_address>0xade3</load_address>
         <run_address>0xade3</run_address>
         <size>0x5</size>
         <input_file_ref idref="fl-24"/>
      </object_component>
      <object_component id="oc-20f">
         <name>.text:tick_Get</name>
         <load_address>0xade8</load_address>
         <run_address>0xade8</run_address>
         <size>0x4</size>
         <input_file_ref idref="fl-5"/>
      </object_component>
      <object_component id="oc-1e3">
         <name>.text:CPUTIMER_init</name>
         <load_address>0xadec</load_address>
         <run_address>0xadec</run_address>
         <size>0x3</size>
         <input_file_ref idref="fl-24"/>
      </object_component>
      <object_component id="oc-c7">
         <name>.text</name>
         <load_address>0xadef</load_address>
         <run_address>0xadef</run_address>
         <size>0x2</size>
         <input_file_ref idref="fl-3a"/>
      </object_component>
      <object_component id="oc-32a">
         <name>.text:Loop_100Hz</name>
         <load_address>0xadf1</load_address>
         <run_address>0xadf1</run_address>
         <size>0x1</size>
         <input_file_ref idref="fl-3"/>
      </object_component>
      <object_component id="oc-324">
         <name>.text:Loop_200Hz</name>
         <load_address>0xadf2</load_address>
         <run_address>0xadf2</run_address>
         <size>0x1</size>
         <input_file_ref idref="fl-3"/>
      </object_component>
      <object_component id="oc-336">
         <name>.text:Loop_20Hz</name>
         <load_address>0xadf3</load_address>
         <run_address>0xadf3</run_address>
         <size>0x1</size>
         <input_file_ref idref="fl-3"/>
      </object_component>
      <object_component id="oc-31e">
         <name>.text:Loop_500Hz</name>
         <load_address>0xadf4</load_address>
         <run_address>0xadf4</run_address>
         <size>0x1</size>
         <input_file_ref idref="fl-3"/>
      </object_component>
      <object_component id="oc-330">
         <name>.text:Loop_50Hz</name>
         <load_address>0xadf5</load_address>
         <run_address>0xadf5</run_address>
         <size>0x1</size>
         <input_file_ref idref="fl-3"/>
      </object_component>
      <object_component id="oc-148">
         <name>.text</name>
         <load_address>0xadf6</load_address>
         <run_address>0xadf6</run_address>
         <size>0x1</size>
         <input_file_ref idref="fl-45"/>
      </object_component>
      <object_component id="oc-22d">
         <name>.TI.ramfunc</name>
         <load_address>0x128</load_address>
         <run_address>0x128</run_address>
         <size>0x4</size>
         <input_file_ref idref="fl-21"/>
      </object_component>
      <object_component id="oc-4fe">
         <name>.cinit..data.load</name>
         <load_address>0x12c</load_address>
         <run_address>0x12c</run_address>
         <size>0x27</size>
      </object_component>
      <object_component id="oc-4fb">
         <name>__TI_handler_table</name>
         <load_address>0x154</load_address>
         <run_address>0x154</run_address>
         <size>0x6</size>
      </object_component>
      <object_component id="oc-4fd">
         <name>.cinit..bss.load</name>
         <load_address>0x15a</load_address>
         <run_address>0x15a</run_address>
         <size>0x4</size>
      </object_component>
      <object_component id="oc-4fc">
         <name>__TI_cinit_table</name>
         <load_address>0x15e</load_address>
         <run_address>0x15e</run_address>
         <size>0x8</size>
      </object_component>
      <object_component id="oc-ab">
         <name>codestart</name>
         <load_address>0x0</load_address>
         <run_address>0x0</run_address>
         <size>0x2</size>
         <input_file_ref idref="fl-26"/>
      </object_component>
      <object_component id="oc-b0">
         <name>.stack</name>
         <uninitialized>true</uninitialized>
         <run_address>0x400</run_address>
         <size>0x0</size>
         <input_file_ref idref="fl-38"/>
      </object_component>
      <object_component id="oc-4ff">
         <name>.stack</name>
         <uninitialized>true</uninitialized>
         <run_address>0x400</run_address>
         <size>0x0</size>
      </object_component>
      <object_component id="oc-3fd">
         <name>.bss</name>
         <uninitialized>true</uninitialized>
         <run_address>0xa002</run_address>
         <size>0x1</size>
         <input_file_ref idref="fl-3"/>
      </object_component>
      <object_component id="oc-20a">
         <name>.bss</name>
         <uninitialized>true</uninitialized>
         <run_address>0xa000</run_address>
         <size>0x2</size>
         <input_file_ref idref="fl-5"/>
      </object_component>
      <object_component id="oc-1f8">
         <name>.data:sched_tasks</name>
         <load_address>0xadf8</load_address>
         <run_address>0xadf8</run_address>
         <size>0x2a</size>
         <input_file_ref idref="fl-3"/>
      </object_component>
      <object_component id="oc-131">
         <name>.data</name>
         <load_address>0xae22</load_address>
         <run_address>0xae22</run_address>
         <size>0x6</size>
         <input_file_ref idref="fl-3f"/>
      </object_component>
      <object_component id="oc-134">
         <name>.data:_lock</name>
         <load_address>0xae28</load_address>
         <run_address>0xae28</run_address>
         <size>0x2</size>
         <input_file_ref idref="fl-40"/>
      </object_component>
      <object_component id="oc-219">
         <name>.data:_unlock</name>
         <load_address>0xae2a</load_address>
         <run_address>0xae2a</run_address>
         <size>0x2</size>
         <input_file_ref idref="fl-40"/>
      </object_component>
      <object_component id="oc-18e">
         <name>.debug_types</name>
         <load_address>0x0</load_address>
         <run_address>0x0</run_address>
         <size>0x94e</size>
         <input_file_ref idref="fl-2"/>
      </object_component>
      <object_component id="oc-1fc">
         <name>.debug_types</name>
         <load_address>0x94e</load_address>
         <run_address>0x94e</run_address>
         <size>0x1da</size>
         <input_file_ref idref="fl-3"/>
      </object_component>
      <object_component id="oc-44e">
         <name>.debug_types</name>
         <load_address>0xb28</load_address>
         <run_address>0xb28</run_address>
         <size>0xe8</size>
         <input_file_ref idref="fl-4"/>
      </object_component>
      <object_component id="oc-20e">
         <name>.debug_types</name>
         <load_address>0x0</load_address>
         <run_address>0x0</run_address>
         <size>0x0</size>
         <input_file_ref idref="fl-5"/>
      </object_component>
      <object_component id="oc-43d">
         <name>.debug_types</name>
         <load_address>0xc10</load_address>
         <run_address>0xc10</run_address>
         <size>0xef</size>
         <input_file_ref idref="fl-c"/>
      </object_component>
      <object_component id="oc-3ad">
         <name>.debug_types</name>
         <load_address>0xcff</load_address>
         <run_address>0xcff</run_address>
         <size>0x442</size>
         <input_file_ref idref="fl-16"/>
      </object_component>
      <object_component id="oc-dc">
         <name>.debug_types</name>
         <load_address>0x0</load_address>
         <run_address>0x0</run_address>
         <size>0x0</size>
         <input_file_ref idref="fl-1b"/>
      </object_component>
      <object_component id="oc-241">
         <name>.debug_types</name>
         <load_address>0x1141</load_address>
         <run_address>0x1141</run_address>
         <size>0x9cc</size>
         <input_file_ref idref="fl-21"/>
      </object_component>
      <object_component id="oc-1f6">
         <name>.debug_types</name>
         <load_address>0x1b0d</load_address>
         <run_address>0x1b0d</run_address>
         <size>0x1551</size>
         <input_file_ref idref="fl-24"/>
      </object_component>
      <object_component id="oc-1cf">
         <name>.debug_types</name>
         <load_address>0x305e</load_address>
         <run_address>0x305e</run_address>
         <size>0x25b</size>
         <input_file_ref idref="fl-25"/>
      </object_component>
      <object_component id="oc-f8">
         <name>.debug_types</name>
         <load_address>0x0</load_address>
         <run_address>0x0</run_address>
         <size>0x0</size>
         <input_file_ref idref="fl-3a"/>
      </object_component>
      <object_component id="oc-14f">
         <name>.debug_types</name>
         <load_address>0x32b9</load_address>
         <run_address>0x32b9</run_address>
         <size>0x49b</size>
         <input_file_ref idref="fl-3b"/>
      </object_component>
      <object_component id="oc-ef">
         <name>.debug_types</name>
         <load_address>0x3754</load_address>
         <run_address>0x3754</run_address>
         <size>0x1f3</size>
         <input_file_ref idref="fl-3c"/>
      </object_component>
      <object_component id="oc-ba">
         <name>.debug_types</name>
         <load_address>0x0</load_address>
         <run_address>0x0</run_address>
         <size>0x0</size>
         <input_file_ref idref="fl-3d"/>
      </object_component>
      <object_component id="oc-b2">
         <name>.debug_types</name>
         <load_address>0x3947</load_address>
         <run_address>0x3947</run_address>
         <size>0x191</size>
         <input_file_ref idref="fl-3e"/>
      </object_component>
      <object_component id="oc-138">
         <name>.debug_types</name>
         <load_address>0x3ad8</load_address>
         <run_address>0x3ad8</run_address>
         <size>0xbf</size>
         <input_file_ref idref="fl-3f"/>
      </object_component>
      <object_component id="oc-19c">
         <name>.debug_types</name>
         <load_address>0x3b97</load_address>
         <run_address>0x3b97</run_address>
         <size>0x2f</size>
         <input_file_ref idref="fl-40"/>
      </object_component>
      <object_component id="oc-130">
         <name>.debug_types</name>
         <load_address>0x3bc6</load_address>
         <run_address>0x3bc6</run_address>
         <size>0xe1</size>
         <input_file_ref idref="fl-41"/>
      </object_component>
      <object_component id="oc-ea">
         <name>.debug_types</name>
         <load_address>0x3ca7</load_address>
         <run_address>0x3ca7</run_address>
         <size>0xb8</size>
         <input_file_ref idref="fl-44"/>
      </object_component>
      <object_component id="oc-1a4">
         <name>.debug_types</name>
         <load_address>0x0</load_address>
         <run_address>0x0</run_address>
         <size>0x0</size>
         <input_file_ref idref="fl-45"/>
      </object_component>
      <object_component id="oc-17c">
         <name>.debug_info</name>
         <load_address>0x0</load_address>
         <run_address>0x0</run_address>
         <size>0x150</size>
         <input_file_ref idref="fl-2"/>
      </object_component>
      <object_component id="oc-170">
         <name>.debug_info</name>
         <load_address>0x150</load_address>
         <run_address>0x150</run_address>
         <size>0x1a0</size>
         <input_file_ref idref="fl-2"/>
      </object_component>
      <object_component id="oc-12a">
         <name>.debug_info</name>
         <load_address>0x2f0</load_address>
         <run_address>0x2f0</run_address>
         <size>0x1ad</size>
         <input_file_ref idref="fl-2"/>
      </object_component>
      <object_component id="oc-3fe">
         <name>.debug_info</name>
         <load_address>0x49d</load_address>
         <run_address>0x49d</run_address>
         <size>0xe2</size>
         <input_file_ref idref="fl-3"/>
      </object_component>
      <object_component id="oc-1f9">
         <name>.debug_info</name>
         <load_address>0x57f</load_address>
         <run_address>0x57f</run_address>
         <size>0xe4</size>
         <input_file_ref idref="fl-3"/>
      </object_component>
      <object_component id="oc-41b">
         <name>.debug_info</name>
         <load_address>0x663</load_address>
         <run_address>0x663</run_address>
         <size>0x175</size>
         <input_file_ref idref="fl-3"/>
      </object_component>
      <object_component id="oc-31a">
         <name>.debug_info</name>
         <load_address>0x7d8</load_address>
         <run_address>0x7d8</run_address>
         <size>0x138</size>
         <input_file_ref idref="fl-3"/>
      </object_component>
      <object_component id="oc-321">
         <name>.debug_info</name>
         <load_address>0x910</load_address>
         <run_address>0x910</run_address>
         <size>0x104</size>
         <input_file_ref idref="fl-3"/>
      </object_component>
      <object_component id="oc-325">
         <name>.debug_info</name>
         <load_address>0xa14</load_address>
         <run_address>0xa14</run_address>
         <size>0x104</size>
         <input_file_ref idref="fl-3"/>
      </object_component>
      <object_component id="oc-32c">
         <name>.debug_info</name>
         <load_address>0xb18</load_address>
         <run_address>0xb18</run_address>
         <size>0x104</size>
         <input_file_ref idref="fl-3"/>
      </object_component>
      <object_component id="oc-332">
         <name>.debug_info</name>
         <load_address>0xc1c</load_address>
         <run_address>0xc1c</run_address>
         <size>0x102</size>
         <input_file_ref idref="fl-3"/>
      </object_component>
      <object_component id="oc-337">
         <name>.debug_info</name>
         <load_address>0xd1e</load_address>
         <run_address>0xd1e</run_address>
         <size>0x102</size>
         <input_file_ref idref="fl-3"/>
      </object_component>
      <object_component id="oc-33e">
         <name>.debug_info</name>
         <load_address>0xe20</load_address>
         <run_address>0xe20</run_address>
         <size>0x128</size>
         <input_file_ref idref="fl-3"/>
      </object_component>
      <object_component id="oc-178">
         <name>.debug_info</name>
         <load_address>0xf48</load_address>
         <run_address>0xf48</run_address>
         <size>0x120</size>
         <input_file_ref idref="fl-3"/>
      </object_component>
      <object_component id="oc-189">
         <name>.debug_info</name>
         <load_address>0x1068</load_address>
         <run_address>0x1068</run_address>
         <size>0x14e</size>
         <input_file_ref idref="fl-3"/>
      </object_component>
      <object_component id="oc-450">
         <name>.debug_info</name>
         <load_address>0x11b6</load_address>
         <run_address>0x11b6</run_address>
         <size>0x1e6</size>
         <input_file_ref idref="fl-4"/>
      </object_component>
      <object_component id="oc-457">
         <name>.debug_info</name>
         <load_address>0x139c</load_address>
         <run_address>0x139c</run_address>
         <size>0x190</size>
         <input_file_ref idref="fl-4"/>
      </object_component>
      <object_component id="oc-448">
         <name>.debug_info</name>
         <load_address>0x152c</load_address>
         <run_address>0x152c</run_address>
         <size>0x19c</size>
         <input_file_ref idref="fl-4"/>
      </object_component>
      <object_component id="oc-401">
         <name>.debug_info</name>
         <load_address>0x16c8</load_address>
         <run_address>0x16c8</run_address>
         <size>0x115</size>
         <input_file_ref idref="fl-4"/>
      </object_component>
      <object_component id="oc-40d">
         <name>.debug_info</name>
         <load_address>0x17dd</load_address>
         <run_address>0x17dd</run_address>
         <size>0x12e</size>
         <input_file_ref idref="fl-4"/>
      </object_component>
      <object_component id="oc-407">
         <name>.debug_info</name>
         <load_address>0x190b</load_address>
         <run_address>0x190b</run_address>
         <size>0x140</size>
         <input_file_ref idref="fl-4"/>
      </object_component>
      <object_component id="oc-20b">
         <name>.debug_info</name>
         <load_address>0x1a4b</load_address>
         <run_address>0x1a4b</run_address>
         <size>0xd1</size>
         <input_file_ref idref="fl-5"/>
      </object_component>
      <object_component id="oc-207">
         <name>.debug_info</name>
         <load_address>0x1b1c</load_address>
         <run_address>0x1b1c</run_address>
         <size>0x174</size>
         <input_file_ref idref="fl-5"/>
      </object_component>
      <object_component id="oc-1ff">
         <name>.debug_info</name>
         <load_address>0x1c90</load_address>
         <run_address>0x1c90</run_address>
         <size>0x188</size>
         <input_file_ref idref="fl-5"/>
      </object_component>
      <object_component id="oc-182">
         <name>.debug_info</name>
         <load_address>0x1e18</load_address>
         <run_address>0x1e18</run_address>
         <size>0x141</size>
         <input_file_ref idref="fl-5"/>
      </object_component>
      <object_component id="oc-210">
         <name>.debug_info</name>
         <load_address>0x1f59</load_address>
         <run_address>0x1f59</run_address>
         <size>0xfe</size>
         <input_file_ref idref="fl-5"/>
      </object_component>
      <object_component id="oc-3b3">
         <name>.debug_info</name>
         <load_address>0x2057</load_address>
         <run_address>0x2057</run_address>
         <size>0x182</size>
         <input_file_ref idref="fl-c"/>
      </object_component>
      <object_component id="oc-3f7">
         <name>.debug_info</name>
         <load_address>0x21d9</load_address>
         <run_address>0x21d9</run_address>
         <size>0x19f</size>
         <input_file_ref idref="fl-16"/>
      </object_component>
      <object_component id="oc-257">
         <name>.debug_info</name>
         <load_address>0x2378</load_address>
         <run_address>0x2378</run_address>
         <size>0x188</size>
         <input_file_ref idref="fl-16"/>
      </object_component>
      <object_component id="oc-25d">
         <name>.debug_info</name>
         <load_address>0x2500</load_address>
         <run_address>0x2500</run_address>
         <size>0x1d0</size>
         <input_file_ref idref="fl-16"/>
      </object_component>
      <object_component id="oc-251">
         <name>.debug_info</name>
         <load_address>0x26d0</load_address>
         <run_address>0x26d0</run_address>
         <size>0x195</size>
         <input_file_ref idref="fl-16"/>
      </object_component>
      <object_component id="oc-1d1">
         <name>.debug_info</name>
         <load_address>0x2865</load_address>
         <run_address>0x2865</run_address>
         <size>0x146</size>
         <input_file_ref idref="fl-1b"/>
      </object_component>
      <object_component id="oc-164">
         <name>.debug_info</name>
         <load_address>0x29ab</load_address>
         <run_address>0x29ab</run_address>
         <size>0x155</size>
         <input_file_ref idref="fl-1b"/>
      </object_component>
      <object_component id="oc-9b">
         <name>.debug_info</name>
         <load_address>0x2b00</load_address>
         <run_address>0x2b00</run_address>
         <size>0x162</size>
         <input_file_ref idref="fl-1b"/>
      </object_component>
      <object_component id="oc-a1">
         <name>.debug_info</name>
         <load_address>0x2c62</load_address>
         <run_address>0x2c62</run_address>
         <size>0x148</size>
         <input_file_ref idref="fl-1b"/>
      </object_component>
      <object_component id="oc-a6">
         <name>.debug_info</name>
         <load_address>0x2daa</load_address>
         <run_address>0x2daa</run_address>
         <size>0x12e</size>
         <input_file_ref idref="fl-1b"/>
      </object_component>
      <object_component id="oc-95">
         <name>.debug_info</name>
         <load_address>0x2ed8</load_address>
         <run_address>0x2ed8</run_address>
         <size>0x152</size>
         <input_file_ref idref="fl-1b"/>
      </object_component>
      <object_component id="oc-367">
         <name>.debug_info</name>
         <load_address>0x302a</load_address>
         <run_address>0x302a</run_address>
         <size>0x191</size>
         <input_file_ref idref="fl-21"/>
      </object_component>
      <object_component id="oc-22a">
         <name>.debug_info</name>
         <load_address>0x31bb</load_address>
         <run_address>0x31bb</run_address>
         <size>0x154</size>
         <input_file_ref idref="fl-21"/>
      </object_component>
      <object_component id="oc-428">
         <name>.debug_info</name>
         <load_address>0x330f</load_address>
         <run_address>0x330f</run_address>
         <size>0x12a</size>
         <input_file_ref idref="fl-21"/>
      </object_component>
      <object_component id="oc-237">
         <name>.debug_info</name>
         <load_address>0x3439</load_address>
         <run_address>0x3439</run_address>
         <size>0x159</size>
         <input_file_ref idref="fl-21"/>
      </object_component>
      <object_component id="oc-3a3">
         <name>.debug_info</name>
         <load_address>0x3592</load_address>
         <run_address>0x3592</run_address>
         <size>0x148</size>
         <input_file_ref idref="fl-21"/>
      </object_component>
      <object_component id="oc-379">
         <name>.debug_info</name>
         <load_address>0x36da</load_address>
         <run_address>0x36da</run_address>
         <size>0x14a</size>
         <input_file_ref idref="fl-21"/>
      </object_component>
      <object_component id="oc-37e">
         <name>.debug_info</name>
         <load_address>0x3824</load_address>
         <run_address>0x3824</run_address>
         <size>0x156</size>
         <input_file_ref idref="fl-21"/>
      </object_component>
      <object_component id="oc-385">
         <name>.debug_info</name>
         <load_address>0x397a</load_address>
         <run_address>0x397a</run_address>
         <size>0x154</size>
         <input_file_ref idref="fl-21"/>
      </object_component>
      <object_component id="oc-39d">
         <name>.debug_info</name>
         <load_address>0x3ace</load_address>
         <run_address>0x3ace</run_address>
         <size>0x17b</size>
         <input_file_ref idref="fl-21"/>
      </object_component>
      <object_component id="oc-36d">
         <name>.debug_info</name>
         <load_address>0x3c49</load_address>
         <run_address>0x3c49</run_address>
         <size>0x14e</size>
         <input_file_ref idref="fl-21"/>
      </object_component>
      <object_component id="oc-372">
         <name>.debug_info</name>
         <load_address>0x3d97</load_address>
         <run_address>0x3d97</run_address>
         <size>0x14c</size>
         <input_file_ref idref="fl-21"/>
      </object_component>
      <object_component id="oc-390">
         <name>.debug_info</name>
         <load_address>0x3ee3</load_address>
         <run_address>0x3ee3</run_address>
         <size>0x17f</size>
         <input_file_ref idref="fl-21"/>
      </object_component>
      <object_component id="oc-38a">
         <name>.debug_info</name>
         <load_address>0x4062</load_address>
         <run_address>0x4062</run_address>
         <size>0x17f</size>
         <input_file_ref idref="fl-21"/>
      </object_component>
      <object_component id="oc-396">
         <name>.debug_info</name>
         <load_address>0x41e1</load_address>
         <run_address>0x41e1</run_address>
         <size>0x194</size>
         <input_file_ref idref="fl-21"/>
      </object_component>
      <object_component id="oc-420">
         <name>.debug_info</name>
         <load_address>0x4375</load_address>
         <run_address>0x4375</run_address>
         <size>0x18e</size>
         <input_file_ref idref="fl-21"/>
      </object_component>
      <object_component id="oc-1b2">
         <name>.debug_info</name>
         <load_address>0x4503</load_address>
         <run_address>0x4503</run_address>
         <size>0x34e</size>
         <input_file_ref idref="fl-21"/>
      </object_component>
      <object_component id="oc-353">
         <name>.debug_info</name>
         <load_address>0x4851</load_address>
         <run_address>0x4851</run_address>
         <size>0x1c6</size>
         <input_file_ref idref="fl-21"/>
      </object_component>
      <object_component id="oc-359">
         <name>.debug_info</name>
         <load_address>0x4a17</load_address>
         <run_address>0x4a17</run_address>
         <size>0x197</size>
         <input_file_ref idref="fl-21"/>
      </object_component>
      <object_component id="oc-230">
         <name>.debug_info</name>
         <load_address>0x4bae</load_address>
         <run_address>0x4bae</run_address>
         <size>0x19c</size>
         <input_file_ref idref="fl-21"/>
      </object_component>
      <object_component id="oc-23b">
         <name>.debug_info</name>
         <load_address>0x4d4a</load_address>
         <run_address>0x4d4a</run_address>
         <size>0x413</size>
         <input_file_ref idref="fl-21"/>
      </object_component>
      <object_component id="oc-264">
         <name>.debug_info</name>
         <load_address>0x515d</load_address>
         <run_address>0x515d</run_address>
         <size>0x188</size>
         <input_file_ref idref="fl-24"/>
      </object_component>
      <object_component id="oc-26a">
         <name>.debug_info</name>
         <load_address>0x52e5</load_address>
         <run_address>0x52e5</run_address>
         <size>0x190</size>
         <input_file_ref idref="fl-24"/>
      </object_component>
      <object_component id="oc-3c5">
         <name>.debug_info</name>
         <load_address>0x5475</load_address>
         <run_address>0x5475</run_address>
         <size>0x180</size>
         <input_file_ref idref="fl-24"/>
      </object_component>
      <object_component id="oc-3d1">
         <name>.debug_info</name>
         <load_address>0x55f5</load_address>
         <run_address>0x55f5</run_address>
         <size>0x199</size>
         <input_file_ref idref="fl-24"/>
      </object_component>
      <object_component id="oc-3cb">
         <name>.debug_info</name>
         <load_address>0x578e</load_address>
         <run_address>0x578e</run_address>
         <size>0x188</size>
         <input_file_ref idref="fl-24"/>
      </object_component>
      <object_component id="oc-3d7">
         <name>.debug_info</name>
         <load_address>0x5916</load_address>
         <run_address>0x5916</run_address>
         <size>0x18b</size>
         <input_file_ref idref="fl-24"/>
      </object_component>
      <object_component id="oc-3bf">
         <name>.debug_info</name>
         <load_address>0x5aa1</load_address>
         <run_address>0x5aa1</run_address>
         <size>0x18c</size>
         <input_file_ref idref="fl-24"/>
      </object_component>
      <object_component id="oc-3b9">
         <name>.debug_info</name>
         <load_address>0x5c2d</load_address>
         <run_address>0x5c2d</run_address>
         <size>0x1a5</size>
         <input_file_ref idref="fl-24"/>
      </object_component>
      <object_component id="oc-284">
         <name>.debug_info</name>
         <load_address>0x5dd2</load_address>
         <run_address>0x5dd2</run_address>
         <size>0x19d</size>
         <input_file_ref idref="fl-24"/>
      </object_component>
      <object_component id="oc-290">
         <name>.debug_info</name>
         <load_address>0x5f6f</load_address>
         <run_address>0x5f6f</run_address>
         <size>0x1a1</size>
         <input_file_ref idref="fl-24"/>
      </object_component>
      <object_component id="oc-278">
         <name>.debug_info</name>
         <load_address>0x6110</load_address>
         <run_address>0x6110</run_address>
         <size>0x1e0</size>
         <input_file_ref idref="fl-24"/>
      </object_component>
      <object_component id="oc-296">
         <name>.debug_info</name>
         <load_address>0x62f0</load_address>
         <run_address>0x62f0</run_address>
         <size>0x180</size>
         <input_file_ref idref="fl-24"/>
      </object_component>
      <object_component id="oc-28a">
         <name>.debug_info</name>
         <load_address>0x6470</load_address>
         <run_address>0x6470</run_address>
         <size>0x1b1</size>
         <input_file_ref idref="fl-24"/>
      </object_component>
      <object_component id="oc-29c">
         <name>.debug_info</name>
         <load_address>0x6621</load_address>
         <run_address>0x6621</run_address>
         <size>0x19d</size>
         <input_file_ref idref="fl-24"/>
      </object_component>
      <object_component id="oc-27e">
         <name>.debug_info</name>
         <load_address>0x67be</load_address>
         <run_address>0x67be</run_address>
         <size>0x1a7</size>
         <input_file_ref idref="fl-24"/>
      </object_component>
      <object_component id="oc-2a8">
         <name>.debug_info</name>
         <load_address>0x6965</load_address>
         <run_address>0x6965</run_address>
         <size>0x258</size>
         <input_file_ref idref="fl-24"/>
      </object_component>
      <object_component id="oc-2a2">
         <name>.debug_info</name>
         <load_address>0x6bbd</load_address>
         <run_address>0x6bbd</run_address>
         <size>0x1f5</size>
         <input_file_ref idref="fl-24"/>
      </object_component>
      <object_component id="oc-2b4">
         <name>.debug_info</name>
         <load_address>0x6db2</load_address>
         <run_address>0x6db2</run_address>
         <size>0x220</size>
         <input_file_ref idref="fl-24"/>
      </object_component>
      <object_component id="oc-2ae">
         <name>.debug_info</name>
         <load_address>0x6fd2</load_address>
         <run_address>0x6fd2</run_address>
         <size>0x1e4</size>
         <input_file_ref idref="fl-24"/>
      </object_component>
      <object_component id="oc-2ba">
         <name>.debug_info</name>
         <load_address>0x71b6</load_address>
         <run_address>0x71b6</run_address>
         <size>0x221</size>
         <input_file_ref idref="fl-24"/>
      </object_component>
      <object_component id="oc-2c6">
         <name>.debug_info</name>
         <load_address>0x73d7</load_address>
         <run_address>0x73d7</run_address>
         <size>0x1f1</size>
         <input_file_ref idref="fl-24"/>
      </object_component>
      <object_component id="oc-2c0">
         <name>.debug_info</name>
         <load_address>0x75c8</load_address>
         <run_address>0x75c8</run_address>
         <size>0x1ec</size>
         <input_file_ref idref="fl-24"/>
      </object_component>
      <object_component id="oc-2cc">
         <name>.debug_info</name>
         <load_address>0x77b4</load_address>
         <run_address>0x77b4</run_address>
         <size>0x1c9</size>
         <input_file_ref idref="fl-24"/>
      </object_component>
      <object_component id="oc-2d2">
         <name>.debug_info</name>
         <load_address>0x797d</load_address>
         <run_address>0x797d</run_address>
         <size>0x1a8</size>
         <input_file_ref idref="fl-24"/>
      </object_component>
      <object_component id="oc-2de">
         <name>.debug_info</name>
         <load_address>0x7b25</load_address>
         <run_address>0x7b25</run_address>
         <size>0x1cb</size>
         <input_file_ref idref="fl-24"/>
      </object_component>
      <object_component id="oc-2e4">
         <name>.debug_info</name>
         <load_address>0x7cf0</load_address>
         <run_address>0x7cf0</run_address>
         <size>0x1aa</size>
         <input_file_ref idref="fl-24"/>
      </object_component>
      <object_component id="oc-2d8">
         <name>.debug_info</name>
         <load_address>0x7e9a</load_address>
         <run_address>0x7e9a</run_address>
         <size>0x1ad</size>
         <input_file_ref idref="fl-24"/>
      </object_component>
      <object_component id="oc-2ea">
         <name>.debug_info</name>
         <load_address>0x8047</load_address>
         <run_address>0x8047</run_address>
         <size>0x1af</size>
         <input_file_ref idref="fl-24"/>
      </object_component>
      <object_component id="oc-2f6">
         <name>.debug_info</name>
         <load_address>0x81f6</load_address>
         <run_address>0x81f6</run_address>
         <size>0x1a9</size>
         <input_file_ref idref="fl-24"/>
      </object_component>
      <object_component id="oc-2f0">
         <name>.debug_info</name>
         <load_address>0x839f</load_address>
         <run_address>0x839f</run_address>
         <size>0x1c8</size>
         <input_file_ref idref="fl-24"/>
      </object_component>
      <object_component id="oc-2fc">
         <name>.debug_info</name>
         <load_address>0x8567</load_address>
         <run_address>0x8567</run_address>
         <size>0x1a3</size>
         <input_file_ref idref="fl-24"/>
      </object_component>
      <object_component id="oc-302">
         <name>.debug_info</name>
         <load_address>0x870a</load_address>
         <run_address>0x870a</run_address>
         <size>0x1e7</size>
         <input_file_ref idref="fl-24"/>
      </object_component>
      <object_component id="oc-16a">
         <name>.debug_info</name>
         <load_address>0x88f1</load_address>
         <run_address>0x88f1</run_address>
         <size>0x167</size>
         <input_file_ref idref="fl-24"/>
      </object_component>
      <object_component id="oc-1d8">
         <name>.debug_info</name>
         <load_address>0x8a58</load_address>
         <run_address>0x8a58</run_address>
         <size>0x1e0</size>
         <input_file_ref idref="fl-24"/>
      </object_component>
      <object_component id="oc-1e4">
         <name>.debug_info</name>
         <load_address>0x8c38</load_address>
         <run_address>0x8c38</run_address>
         <size>0x130</size>
         <input_file_ref idref="fl-24"/>
      </object_component>
      <object_component id="oc-271">
         <name>.debug_info</name>
         <load_address>0x8d68</load_address>
         <run_address>0x8d68</run_address>
         <size>0x1e1</size>
         <input_file_ref idref="fl-24"/>
      </object_component>
      <object_component id="oc-1ea">
         <name>.debug_info</name>
         <load_address>0x8f49</load_address>
         <run_address>0x8f49</run_address>
         <size>0x70a</size>
         <input_file_ref idref="fl-24"/>
      </object_component>
      <object_component id="oc-1f0">
         <name>.debug_info</name>
         <load_address>0x9653</load_address>
         <run_address>0x9653</run_address>
         <size>0x13c</size>
         <input_file_ref idref="fl-24"/>
      </object_component>
      <object_component id="oc-309">
         <name>.debug_info</name>
         <load_address>0x978f</load_address>
         <run_address>0x978f</run_address>
         <size>0x16f</size>
         <input_file_ref idref="fl-24"/>
      </object_component>
      <object_component id="oc-30f">
         <name>.debug_info</name>
         <load_address>0x98fe</load_address>
         <run_address>0x98fe</run_address>
         <size>0x16f</size>
         <input_file_ref idref="fl-24"/>
      </object_component>
      <object_component id="oc-1de">
         <name>.debug_info</name>
         <load_address>0x9a6d</load_address>
         <run_address>0x9a6d</run_address>
         <size>0x178</size>
         <input_file_ref idref="fl-24"/>
      </object_component>
      <object_component id="oc-1cb">
         <name>.debug_info</name>
         <load_address>0x9be5</load_address>
         <run_address>0x9be5</run_address>
         <size>0x14f</size>
         <input_file_ref idref="fl-25"/>
      </object_component>
      <object_component id="oc-1c0">
         <name>.debug_info</name>
         <load_address>0x9d34</load_address>
         <run_address>0x9d34</run_address>
         <size>0x153</size>
         <input_file_ref idref="fl-25"/>
      </object_component>
      <object_component id="oc-245">
         <name>.debug_info</name>
         <load_address>0x9e87</load_address>
         <run_address>0x9e87</run_address>
         <size>0x1b3</size>
         <input_file_ref idref="fl-25"/>
      </object_component>
      <object_component id="oc-1b8">
         <name>.debug_info</name>
         <load_address>0xa03a</load_address>
         <run_address>0xa03a</run_address>
         <size>0x187</size>
         <input_file_ref idref="fl-25"/>
      </object_component>
      <object_component id="oc-1ad">
         <name>.debug_info</name>
         <load_address>0xa1c1</load_address>
         <run_address>0xa1c1</run_address>
         <size>0x15a</size>
         <input_file_ref idref="fl-25"/>
      </object_component>
      <object_component id="oc-15e">
         <name>.debug_info</name>
         <load_address>0xa31b</load_address>
         <run_address>0xa31b</run_address>
         <size>0x1b5</size>
         <input_file_ref idref="fl-25"/>
      </object_component>
      <object_component id="oc-1c5">
         <name>.debug_info</name>
         <load_address>0xa4d0</load_address>
         <run_address>0xa4d0</run_address>
         <size>0x5fc</size>
         <input_file_ref idref="fl-25"/>
      </object_component>
      <object_component id="oc-ac">
         <name>.debug_info</name>
         <load_address>0xaacc</load_address>
         <run_address>0xaacc</run_address>
         <size>0x115</size>
         <input_file_ref idref="fl-26"/>
      </object_component>
      <object_component id="oc-e2">
         <name>.debug_info</name>
         <load_address>0xabe1</load_address>
         <run_address>0xabe1</run_address>
         <size>0x116</size>
         <input_file_ref idref="fl-26"/>
      </object_component>
      <object_component id="oc-90">
         <name>.debug_info</name>
         <load_address>0xacf7</load_address>
         <run_address>0xacf7</run_address>
         <size>0x158</size>
         <input_file_ref idref="fl-38"/>
      </object_component>
      <object_component id="oc-361">
         <name>.debug_info</name>
         <load_address>0xae4f</load_address>
         <run_address>0xae4f</run_address>
         <size>0x127</size>
         <input_file_ref idref="fl-39"/>
      </object_component>
      <object_component id="oc-c9">
         <name>.debug_info</name>
         <load_address>0xaf76</load_address>
         <run_address>0xaf76</run_address>
         <size>0x14d</size>
         <input_file_ref idref="fl-3a"/>
      </object_component>
      <object_component id="oc-fc">
         <name>.debug_info</name>
         <load_address>0xb0c3</load_address>
         <run_address>0xb0c3</run_address>
         <size>0x1bf</size>
         <input_file_ref idref="fl-3b"/>
      </object_component>
      <object_component id="oc-bc">
         <name>.debug_info</name>
         <load_address>0xb282</load_address>
         <run_address>0xb282</run_address>
         <size>0x1b6</size>
         <input_file_ref idref="fl-3c"/>
      </object_component>
      <object_component id="oc-88">
         <name>.debug_info</name>
         <load_address>0xb438</load_address>
         <run_address>0xb438</run_address>
         <size>0x1b7</size>
         <input_file_ref idref="fl-3d"/>
      </object_component>
      <object_component id="oc-85">
         <name>.debug_info</name>
         <load_address>0xb5ef</load_address>
         <run_address>0xb5ef</run_address>
         <size>0x219</size>
         <input_file_ref idref="fl-3e"/>
      </object_component>
      <object_component id="oc-132">
         <name>.debug_info</name>
         <load_address>0xb808</load_address>
         <run_address>0xb808</run_address>
         <size>0x19e</size>
         <input_file_ref idref="fl-3f"/>
      </object_component>
      <object_component id="oc-d7">
         <name>.debug_info</name>
         <load_address>0xb9a6</load_address>
         <run_address>0xb9a6</run_address>
         <size>0x1a9</size>
         <input_file_ref idref="fl-3f"/>
      </object_component>
      <object_component id="oc-135">
         <name>.debug_info</name>
         <load_address>0xbb4f</load_address>
         <run_address>0xbb4f</run_address>
         <size>0x107</size>
         <input_file_ref idref="fl-40"/>
      </object_component>
      <object_component id="oc-21a">
         <name>.debug_info</name>
         <load_address>0xbc56</load_address>
         <run_address>0xbc56</run_address>
[...]
         </usage_details>
      </memory_area>
      <memory_area display="no" color="green">
         <name>ERADCOUNTER4</name>
         <page_id>0x1</page_id>
         <origin>0x5e9b0</origin>
         <length>0x10</length>
         <used_space>0x0</used_space>
         <unused_space>0x10</unused_space>
         <attributes>RWIX</attributes>
         <usage_details>
         </usage_details>
      </memory_area>
      <memory_area display="no" color="green">
         <name>ERADCRCGLOBAL</name>
         <page_id>0x1</page_id>
         <origin>0x5ea00</origin>
         <length>0x10</length>
         <used_space>0x0</used_space>
         <unused_space>0x10</unused_space>
         <attributes>RWIX</attributes>
         <usage_details>
         </usage_details>
      </memory_area>
      <memory_area display="no" color="green">
         <name>ERADCRC1</name>
         <page_id>0x1</page_id>
         <origin>0x5ea10</origin>
         <length>0x10</length>
         <used_space>0x0</used_space>
         <unused_space>0x10</unused_space>
         <attributes>RWIX</attributes>
         <usage_details>
         </usage_details>
      </memory_area>
      <memory_area display="no" color="green">
         <name>ERADCRC2</name>
         <page_id>0x1</page_id>
         <origin>0x5ea20</origin>
         <length>0x10</length>
         <used_space>0x0</used_space>
         <unused_space>0x10</unused_space>
         <attributes>RWIX</attributes>
         <usage_details>
         </usage_details>
      </memory_area>
      <memory_area display="no" color="green">
         <name>ERADCRC3</name>
         <page_id>0x1</page_id>
         <origin>0x5ea30</origin>
         <length>0x10</length>
         <used_space>0x0</used_space>
         <unused_space>0x10</unused_space>
         <attributes>RWIX</attributes>
         <usage_details>
         </usage_details>
      </memory_area>
      <memory_area display="no" color="green">
         <name>ERADCRC4</name>
         <page_id>0x1</page_id>
         <origin>0x5ea40</origin>
         <length>0x10</length>
         <used_space>0x0</used_space>
         <unused_space>0x10</unused_space>
         <attributes>RWIX</attributes>
         <usage_details>
         </usage_details>
      </memory_area>
      <memory_area display="no" color="green">
         <name>ERADCRC5</name>
         <page_id>0x1</page_id>
         <origin>0x5ea50</origin>
         <length>0x10</length>
         <used_space>0x0</used_space>
         <unused_space>0x10</unused_space>
         <attributes>RWIX</attributes>
         <usage_details>
         </usage_details>
      </memory_area>
      <memory_area display="no" color="green">
         <name>ERADCRC6</name>
         <page_id>0x1</page_id>
         <origin>0x5ea60</origin>
         <length>0x10</length>
         <used_space>0x0</used_space>
         <unused_space>0x10</unused_space>
         <attributes>RWIX</attributes>
         <usage_details>
         </usage_details>
      </memory_area>
      <memory_area display="no" color="green">
         <name>ERADCRC7</name>
         <page_id>0x1</page_id>
         <origin>0x5ea70</origin>
         <length>0x10</length>
         <used_space>0x0</used_space>
         <unused_space>0x10</unused_space>
         <attributes>RWIX</attributes>
         <usage_details>
         </usage_details>
      </memory_area>
      <memory_area display="no" color="green">
         <name>ERADCRC8</name>
         <page_id>0x1</page_id>
         <origin>0x5ea80</origin>
         <length>0x10</length>
         <used_space>0x0</used_space>
         <unused_space>0x10</unused_space>
         <attributes>RWIX</attributes>
         <usage_details>
         </usage_details>
      </memory_area>
      <memory_area display="no" color="green">
         <name>DCSMBANK0Z1</name>
         <page_id>0x1</page_id>
         <origin>0x5f000</origin>
         <length>0x24</length>
         <used_space>0x0</used_space>
         <unused_space>0x24</unused_space>
         <attributes>RWIX</attributes>
         <usage_details>
         </usage_details>
      </memory_area>
      <memory_area display="no" color="green">
         <name>DCSMBANK0Z2</name>
         <page_id>0x1</page_id>
         <origin>0x5f040</origin>
         <length>0x24</length>
         <used_space>0x0</used_space>
         <unused_space>0x24</unused_space>
         <attributes>RWIX</attributes>
         <usage_details>
         </usage_details>
      </memory_area>
      <memory_area display="no" color="green">
         <name>DCSMCOMMON</name>
         <page_id>0x1</page_id>
         <origin>0x5f070</origin>
         <length>0x10</length>
         <used_space>0x0</used_space>
         <unused_space>0x10</unused_space>
         <attributes>RWIX</attributes>
         <usage_details>
         </usage_details>
      </memory_area>
      <memory_area display="yes" color="green">
         <name>MEMCFG</name>
         <page_id>0x1</page_id>
         <origin>0x5f400</origin>
         <length>0xc0</length>
         <used_space>0x0</used_space>
         <unused_space>0xc0</unused_space>
         <attributes>RWIX</attributes>
         <usage_details>
         </usage_details>
      </memory_area>
      <memory_area display="no" color="green">
         <name>ACCESSPROTECTION</name>
         <page_id>0x1</page_id>
         <origin>0x5f500</origin>
         <length>0x3e</length>
         <used_space>0x0</used_space>
         <unused_space>0x3e</unused_space>
         <attributes>RWIX</attributes>
         <usage_details>
         </usage_details>
      </memory_area>
      <memory_area display="no" color="green">
         <name>MEMORYERROR</name>
         <page_id>0x1</page_id>
         <origin>0x5f540</origin>
         <length>0x40</length>
         <used_space>0x0</used_space>
         <unused_space>0x40</unused_space>
         <attributes>RWIX</attributes>
         <usage_details>
         </usage_details>
      </memory_area>
      <memory_area display="no" color="green">
         <name>TESTERROR</name>
         <page_id>0x1</page_id>
         <origin>0x5f590</origin>
         <length>0x10</length>
         <used_space>0x0</used_space>
         <unused_space>0x10</unused_space>
         <attributes>RWIX</attributes>
         <usage_details>
         </usage_details>
      </memory_area>
      <memory_area display="yes" color="green">
         <name>FLASH0CTRL</name>
         <page_id>0x1</page_id>
         <origin>0x5f800</origin>
         <length>0x182</length>
         <used_space>0x0</used_space>
         <unused_space>0x182</unused_space>
         <attributes>RWIX</attributes>
         <usage_details>
         </usage_details>
      </memory_area>
      <memory_area display="no" color="green">
         <name>FLASH0ECC</name>
         <page_id>0x1</page_id>
         <origin>0x5fb00</origin>
         <length>0x28</length>
         <used_space>0x0</used_space>
         <unused_space>0x28</unused_space>
         <attributes>RWIX</attributes>
         <usage_details>
         </usage_details>
      </memory_area>
      <memory_area display="no" color="green">
         <name>UID</name>
         <page_id>0x1</page_id>
         <origin>0x701e8</origin>
         <length>0x10</length>
         <used_space>0x0</used_space>
         <unused_space>0x10</unused_space>
         <attributes>RWIX</attributes>
         <usage_details>
         </usage_details>
      </memory_area>
      <memory_area display="no" color="green">
         <name>DCSMBANK0Z1OTP</name>
         <page_id>0x1</page_id>
         <origin>0x78000</origin>
         <length>0x20</length>
         <used_space>0x0</used_space>
         <unused_space>0x20</unused_space>
         <attributes>RWIX</attributes>
         <usage_details>
         </usage_details>
      </memory_area>
      <memory_area display="no" color="green">
         <name>DCSMBANK0Z2OTP</name>
         <page_id>0x1</page_id>
         <origin>0x78200</origin>
         <length>0x20</length>
         <used_space>0x0</used_space>
         <unused_space>0x20</unused_space>
         <attributes>RWIX</attributes>
         <usage_details>
         </usage_details>
      </memory_area>
   </placement_map>
   <cptbl_list>
      <cptbl>
         <name>__TI_cinit_table</name>
         <cprec>
            <name>.data</name>
            <load_address>0x12c</load_address>
            <load_size>0x27</load_size>
            <run_address>0xadf8</run_address>
            <run_size>0x34</run_size>
            <compression>lzss</compression>
         </cprec>
         <cprec>
            <name>.bss</name>
            <load_address>0x15a</load_address>
            <load_size>0x4</load_size>
            <run_address>0xa000</run_address>
            <run_size>0x3</run_size>
            <compression>zero_init</compression>
         </cprec>
      </cptbl>
   </cptbl_list>
   <handler_table>
      <handler_table_name>__TI_handler_table</handler_table_name>
      <handler>
         <index>0x0</index>
         <name>__TI_zero_init</name>
      </handler>
      <handler>
         <index>0x1</index>
         <name>__TI_decompress_lzss</name>
      </handler>
      <handler>
         <index>0x2</index>
         <name>__TI_decompress_none</name>
      </handler>
   </handler_table>
   <symbol_table>
      <symbol id="sm-1">
         <name>__TI_CINIT_Base</name>
         <value>0x15e</value>
      </symbol>
      <symbol id="sm-2">
         <name>__TI_CINIT_Limit</name>
         <value>0x166</value>
      </symbol>
      <symbol id="sm-3">
         <name>__TI_CINIT_Warm</name>
         <value>0x166</value>
      </symbol>
      <symbol id="sm-4">
         <name>__TI_Handler_Table_Base</name>
         <value>0x154</value>
      </symbol>
      <symbol id="sm-5">
         <name>__TI_Handler_Table_Limit</name>
         <value>0x15a</value>
      </symbol>
      <symbol id="sm-6">
         <name>__TI_STACK_SIZE</name>
         <value>0x200</value>
      </symbol>
      <symbol id="sm-7">
         <name>__TI_STACK_END</name>
         <value>0x600</value>
      </symbol>
      <symbol id="sm-8">
         <name>__TI_pprof_out_hndl</name>
         <value>0xffffffff</value>
      </symbol>
      <symbol id="sm-9">
         <name>__TI_prof_data_start</name>
         <value>0xffffffff</value>
      </symbol>
      <symbol id="sm-a">
         <name>__TI_prof_data_size</name>
         <value>0xffffffff</value>
      </symbol>
      <symbol id="sm-b0">
         <name>main</name>
         <value>0xaaf3</value>
         <object_component_ref idref="oc-129"/>
      </symbol>
      <symbol id="sm-117">
         <name>Scheduler_Setup</name>
         <value>0xa751</value>
         <object_component_ref idref="oc-175"/>
      </symbol>
      <symbol id="sm-118">
         <name>pwm_disble</name>
         <value>0xa002</value>
         <object_component_ref idref="oc-3fd"/>
      </symbol>
      <symbol id="sm-119">
         <name>Scheduler_Run</name>
         <value>0xa875</value>
         <object_component_ref idref="oc-187"/>
      </symbol>
      <symbol id="sm-14f">
         <name>pwm_allon</name>
         <value>0xad22</value>
         <object_component_ref idref="oc-40c"/>
      </symbol>
      <symbol id="sm-150">
         <name>pwm_setduty_a</name>
         <value>0xad7d</value>
         <object_component_ref idref="oc-406"/>
      </symbol>
      <symbol id="sm-151">
         <name>pwm_alloff</name>
         <value>0xaddd</value>
         <object_component_ref idref="oc-400"/>
      </symbol>
      <symbol id="sm-17f">
         <name>tick_Update</name>
         <value>0xabe0</value>
         <object_component_ref idref="oc-181"/>
      </symbol>
      <symbol id="sm-180">
         <name>tick_Get</name>
         <value>0xade8</value>
         <object_component_ref idref="oc-20f"/>
      </symbol>
      <symbol id="sm-193">
         <name>CPUTimer_setEmulationMode</name>
         <value>0xad2d</value>
         <object_component_ref idref="oc-3b2"/>
      </symbol>
      <symbol id="sm-1c6">
         <name>GPIO_setQualificationMode</name>
         <value>0xa418</value>
         <object_component_ref idref="oc-25c"/>
      </symbol>
      <symbol id="sm-1c7">
         <name>GPIO_setPadConfig</name>
         <value>0xa4ef</value>
         <object_component_ref idref="oc-256"/>
      </symbol>
      <symbol id="sm-1c8">
         <name>GPIO_setDirectionMode</name>
         <value>0xa5e9</value>
         <object_component_ref idref="oc-3f5"/>
      </symbol>
      <symbol id="sm-1c9">
         <name>GPIO_setPinConfig</name>
         <value>0xa6b0</value>
         <object_component_ref idref="oc-250"/>
      </symbol>
      <symbol id="sm-207">
         <name>Interrupt_defaultHandler</name>
         <value>0xaa9e</value>
         <object_component_ref idref="oc-93"/>
      </symbol>
      <symbol id="sm-208">
         <name>Interrupt_initModule</name>
         <value>0xa673</value>
         <object_component_ref idref="oc-163"/>
      </symbol>
      <symbol id="sm-209">
         <name>Interrupt_nmiHandler</name>
         <value>0xad69</value>
         <object_component_ref idref="oc-a5"/>
      </symbol>
      <symbol id="sm-20a">
         <name>Interrupt_initVectorTable</name>
         <value>0xa98b</value>
         <object_component_ref idref="oc-94"/>
      </symbol>
      <symbol id="sm-20b">
         <name>Interrupt_illegalOperationHandler</name>
         <value>0xad5f</value>
         <object_component_ref idref="oc-9f"/>
      </symbol>
      <symbol id="sm-2eb">
         <name>SysCtl_isPLLValid</name>
         <value>0xa204</value>
         <object_component_ref idref="oc-23a"/>
      </symbol>
      <symbol id="sm-2ec">
         <name>SysCtl_delay</name>
         <value>0x128</value>
         <object_component_ref idref="oc-22d"/>
      </symbol>
      <symbol id="sm-2ed">
         <name>SysCtl_selectXTALSingleEnded</name>
         <value>0xa944</value>
         <object_component_ref idref="oc-358"/>
      </symbol>
      <symbol id="sm-2ee">
         <name>SysCtl_selectXTAL</name>
         <value>0xa5a3</value>
         <object_component_ref idref="oc-352"/>
      </symbol>
      <symbol id="sm-2ef">
         <name>SysCtl_selectOscSource</name>
         <value>0xa7e6</value>
         <object_component_ref idref="oc-22e"/>
      </symbol>
      <symbol id="sm-2f0">
         <name>SysCtl_setClock</name>
         <value>0xa108</value>
         <object_component_ref idref="oc-1b0"/>
      </symbol>
      <symbol id="sm-450">
         <name>LED2_GPIO_init</name>
         <value>0xabd0</value>
         <object_component_ref idref="oc-30e"/>
      </symbol>
      <symbol id="sm-451">
         <name>PinMux_init</name>
         <value>0xa8f7</value>
         <object_component_ref idref="oc-1d7"/>
      </symbol>
      <symbol id="sm-452">
         <name>Board_init</name>
         <value>0xac29</value>
         <object_component_ref idref="oc-169"/>
      </symbol>
      <symbol id="sm-453">
         <name>GPIO_init</name>
         <value>0xade3</value>
         <object_component_ref idref="oc-1ef"/>
      </symbol>
      <symbol id="sm-454">
         <name>CpuTimer0_init</name>
         <value>0xa91f</value>
         <object_component_ref idref="oc-270"/>
      </symbol>
      <symbol id="sm-455">
         <name>SYNC_init</name>
         <value>0xad73</value>
         <object_component_ref idref="oc-1dd"/>
      </symbol>
      <symbol id="sm-456">
         <name>EPWM_init</name>
         <value>0xa003</value>
         <object_component_ref idref="oc-1e9"/>
      </symbol>
      <symbol id="sm-457">
         <name>CPUTIMER_init</name>
         <value>0xadec</value>
         <object_component_ref idref="oc-1e3"/>
      </symbol>
      <symbol id="sm-458">
         <name>LED1_GPIO_init</name>
         <value>0xabc0</value>
         <object_component_ref idref="oc-308"/>
      </symbol>
      <symbol id="sm-494">
         <name>Device_enableAllPeripherals</name>
         <value>0xa2f6</value>
         <object_component_ref idref="oc-1c2"/>
      </symbol>
      <symbol id="sm-495">
         <name>Device_init</name>
         <value>0xab58</value>
         <object_component_ref idref="oc-15d"/>
      </symbol>
      <symbol id="sm-4a4">
         <name>code_start</name>
         <value>0x0</value>
         <object_component_ref idref="oc-ab"/>
      </symbol>
      <symbol id="sm-4af">
         <name>_c_int00</name>
         <value>0xaa87</value>
         <object_component_ref idref="oc-8e"/>
      </symbol>
      <symbol id="sm-4b0">
         <name>__stack</name>
         <value>0x400</value>
         <object_component_ref idref="oc-b0"/>
      </symbol>
      <symbol id="sm-4bd">
         <name>__c28xabi_divf</name>
         <value>0xa390</value>
         <object_component_ref idref="oc-360"/>
      </symbol>
      <symbol id="sm-4ca">
         <name>_system_pre_init</name>
         <value>0xadef</value>
         <object_component_ref idref="oc-c7"/>
      </symbol>
      <symbol id="sm-4d9">
         <name>__TI_auto_init_nobinit_nopinit</name>
         <value>0xa8a3</value>
         <object_component_ref idref="oc-f9"/>
      </symbol>
      <symbol id="sm-4e8">
         <name>__TI_zero_init_nomemset</name>
         <value>0xac6a</value>
         <object_component_ref idref="oc-bb"/>
      </symbol>
      <symbol id="sm-4f5">
         <name>__TI_decompress_none</name>
         <value>0xadaa</value>
         <object_component_ref idref="oc-87"/>
      </symbol>
      <symbol id="sm-509">
         <name>__TI_decompress_lzss</name>
         <value>0xa816</value>
         <object_component_ref idref="oc-81"/>
      </symbol>
      <symbol id="sm-51f">
         <name>C$$EXIT</name>
         <value>0xa8ce</value>
         <object_component_ref idref="oc-d4"/>
      </symbol>
      <symbol id="sm-520">
         <name>abort</name>
         <value>0xa8ce</value>
         <object_component_ref idref="oc-d4"/>
      </symbol>
      <symbol id="sm-521">
         <name>exit</name>
         <value>0xa8d0</value>
         <object_component_ref idref="oc-d4"/>
      </symbol>
      <symbol id="sm-522">
         <name>__TI_dtors_ptr</name>
         <value>0xae26</value>
         <object_component_ref idref="oc-131"/>
      </symbol>
      <symbol id="sm-523">
         <name>__TI_cleanup_ptr</name>
         <value>0xae24</value>
         <object_component_ref idref="oc-131"/>
      </symbol>
      <symbol id="sm-524">
         <name>__TI_enable_exit_profile_output</name>
         <value>0xae22</value>
         <object_component_ref idref="oc-131"/>
      </symbol>
      <symbol id="sm-53b">
         <name>_nop</name>
         <value>0xada1</value>
         <object_component_ref idref="oc-194"/>
      </symbol>
      <symbol id="sm-53c">
         <name>_lock</name>
         <value>0xae28</value>
         <object_component_ref idref="oc-134"/>
      </symbol>
      <symbol id="sm-53d">
         <name>_unlock</name>
         <value>0xae2a</value>
         <object_component_ref idref="oc-219"/>
      </symbol>
      <symbol id="sm-53e">
         <name>_register_lock</name>
         <value>0xad9d</value>
         <object_component_ref idref="oc-194"/>
      </symbol>
      <symbol id="sm-53f">
         <name>_register_unlock</name>
         <value>0xad99</value>
         <object_component_ref idref="oc-194"/>
      </symbol>
      <symbol id="sm-54e">
         <name>_args_main</name>
         <value>0xacb3</value>
         <object_component_ref idref="oc-ce"/>
      </symbol>
      <symbol id="sm-562">
         <name>memcpy</name>
         <value>0xa9a9</value>
         <object_component_ref idref="oc-b3"/>
      </symbol>
      <symbol id="sm-56f">
         <name>_system_post_cinit</name>
         <value>0xadf6</value>
         <object_component_ref idref="oc-148"/>
      </symbol>
      <symbol id="sm-571">
         <name>__c_args__</name>
         <value>0x0</value>
      </symbol>
   </symbol_table>
   <title>Link successful</title>
</link_info>
